warn: Base 10 memory/cache size 16kB will be cast to base 2 size 16KiB.
warn: Base 10 memory/cache size 64kB will be cast to base 2 size 64KiB.
warn: Base 10 memory/cache size 256kB will be cast to base 2 size 256KiB.
warn: Base 10 memory/cache size 512MB will be cast to base 2 size 512MiB.
Global frequency set at 1000000000000 ticks per second
warn: No dot file generated. Please install pydot to generate the dot file and pdf.
src/mem/dram_interface.cc:690: warn: DRAM device capacity (8192 Mbytes) does not match the address range assigned (512 Mbytes)
src/base/statistics.hh:279: warn: One of the stats is a legacy stat. Legacy stat is a stat that does not belong to any statistics::Group. Legacy stat is deprecated.
system.remote_gdb: Listening for connections on port 7003
gem5 Simulator System.  https://www.gem5.org
gem5 is copyrighted software; use the --copyright option for details.

gem5 version 25.0.0.1
gem5 compiled Nov 30 2025 21:55:51
gem5 started Nov 30 2025 22:00:56
gem5 executing on mohound-MS-7C56, pid 294548
command line: ./build/ALL/gem5.opt --outdir=m5out/bingo/ft configs/bingo_test/run_bench.py --prefetcher bingo --bingo-region-size 4096 --bingo-acc-entries 64 --bingo-hist-entries 12288 --bingo-hist-assoc 16 NPB3.3.1/NPB3.3-SER/bin/ft.S.x

--- Info: Instantiating system ---
    Binary: NPB3.3.1/NPB3.3-SER/bin/ft.S.x
    Prefetcher: bingo
--- Start Simulation ---
src/sim/mem_state.cc:443: info: Increasing stack size by one page.
src/sim/syscall_emul.cc:86: warn: ignoring syscall set_robust_list(...)
src/sim/syscall_emul.cc:86: warn: ignoring syscall rseq(...)
src/sim/syscall_emul.cc:86: warn: ignoring syscall mprotect(...)
src/sim/syscall_emul.cc:86: warn: ignoring syscall mprotect(...)
src/sim/syscall_emul.cc:86: warn: ignoring syscall mprotect(...)
src/sim/syscall_emul.cc:86: warn: ignoring syscall mprotect(...)
src/sim/syscall_emul.cc:86: warn: ignoring syscall mprotect(...)
src/sim/syscall_emul.cc:86: warn: ignoring syscall mprotect(...)
src/sim/syscall_emul.cc:97: warn: ignoring syscall rt_sigaction(...)
      (further warnings will be suppressed)


 NAS Parallel Benchmarks (NPB3.3-SER) - FT Benchmark

 Size                :   64x  64x  64
 Iterations          :              6

src/sim/mem_state.cc:443: info: Increasing stack size by one page.
 T =    1     Checksum =    5.546087004964D+02    4.845363331978D+02
 T =    2     Checksum =    5.546385409190D+02    4.865304269511D+02
 T =    3     Checksum =    5.546148406171D+02    4.883910722337D+02
 T =    4     Checksum =    5.545423607415D+02    4.901273169046D+02
 T =    5     Checksum =    5.544255039624D+02    4.917475857993D+02
 T =    6     Checksum =    5.542683411903D+02    4.932597244941D+02
 Verification test for FT successful


 FT Benchmark Completed.
 Class           =                        S
 Size            =             64x  64x  64
 Iterations      =                        6
 Time in seconds =                     2.33
 Mop/s total     =                    76.01
 Operation type  =           floating point
 Verification    =               SUCCESSFUL
 Version         =                    3.3.1
 Compile date    =              30 Nov 2025

 Compile options:
    F77          = f77
    FLINK        = $(F77)
    F_LIB        = (none)
    F_INC        = (none)
    FFLAGS       = -O
    FLINKFLAGS   = -O
    RAND         = randi8


 Please send all errors/feedbacks to:

 NPB Development Team
 npb@nas.nasa.gov


Exiting @ tick 2652104737000 because exiting with last active thread context
