warn: Base 10 memory/cache size 16kB will be cast to base 2 size 16KiB.
warn: Base 10 memory/cache size 64kB will be cast to base 2 size 64KiB.
warn: Base 10 memory/cache size 256kB will be cast to base 2 size 256KiB.
warn: Base 10 memory/cache size 512MB will be cast to base 2 size 512MiB.
Global frequency set at 1000000000000 ticks per second
warn: No dot file generated. Please install pydot to generate the dot file and pdf.
src/mem/dram_interface.cc:690: warn: DRAM device capacity (8192 Mbytes) does not match the address range assigned (512 Mbytes)
src/base/statistics.hh:279: warn: One of the stats is a legacy stat. Legacy stat is a stat that does not belong to any statistics::Group. Legacy stat is deprecated.
system.remote_gdb: Listening for connections on port 7015
gem5 Simulator System.  https://www.gem5.org
gem5 is copyrighted software; use the --copyright option for details.

gem5 version 25.0.0.1
gem5 compiled Nov 30 2025 11:12:42
gem5 started Nov 30 2025 21:08:26
gem5 executing on mohound-MS-7C56, pid 242443
command line: ./build/ALL/gem5.opt --outdir=m5out/bop/mg configs/bingo_test/run_bench.py --prefetcher bop NPB3.3.1/NPB3.3-SER/bin/mg.S.x

--- Info: Instantiating system ---
    Binary: NPB3.3.1/NPB3.3-SER/bin/mg.S.x
    Prefetcher: bop
--- Start Simulation ---
src/sim/mem_state.cc:443: info: Increasing stack size by one page.
src/sim/syscall_emul.cc:86: warn: ignoring syscall set_robust_list(...)
src/sim/syscall_emul.cc:86: warn: ignoring syscall rseq(...)
src/sim/syscall_emul.cc:86: warn: ignoring syscall mprotect(...)
src/sim/syscall_emul.cc:86: warn: ignoring syscall mprotect(...)
src/sim/syscall_emul.cc:86: warn: ignoring syscall mprotect(...)
src/sim/syscall_emul.cc:86: warn: ignoring syscall mprotect(...)
src/sim/syscall_emul.cc:86: warn: ignoring syscall mprotect(...)
src/sim/syscall_emul.cc:86: warn: ignoring syscall mprotect(...)
src/sim/syscall_emul.cc:97: warn: ignoring syscall rt_sigaction(...)
      (further warnings will be suppressed)


 NAS Parallel Benchmarks (NPB3.3-SER) - MG Benchmark

 No input file. Using compiled defaults 
 Size:   32x  32x  32  (class S)
 Iterations:   4

 Initialization time:           0.038 seconds

  iter   1
  iter   4

 Benchmark completed 
 VERIFICATION SUCCESSFUL 
 L2 Norm is  0.5307707005735E-04
 Error is    0.1659688947021E-12


 MG Benchmark Completed.
 Class           =                        S
 Size            =             32x  32x  32
 Iterations      =                        4
 Time in seconds =                     0.09
 Mop/s total     =                    85.63
 Operation type  =           floating point
 Verification    =               SUCCESSFUL
 Version         =                    3.3.1
 Compile date    =              30 Nov 2025

 Compile options:
    F77          = f77
    FLINK        = $(F77)
    F_LIB        = (none)
    F_INC        = (none)
    FFLAGS       = -O
    FLINKFLAGS   = -O
    RAND         = randi8


 Please send all errors/feedbacks to:

 NPB Development Team
 npb@nas.nasa.gov


Exiting @ tick 129154304000 because exiting with last active thread context
