warn: Base 10 memory/cache size 16kB will be cast to base 2 size 16KiB.
warn: Base 10 memory/cache size 64kB will be cast to base 2 size 64KiB.
warn: Base 10 memory/cache size 256kB will be cast to base 2 size 256KiB.
warn: Base 10 memory/cache size 512MB will be cast to base 2 size 512MiB.
Global frequency set at 1000000000000 ticks per second
warn: No dot file generated. Please install pydot to generate the dot file and pdf.
src/mem/dram_interface.cc:690: warn: DRAM device capacity (8192 Mbytes) does not match the address range assigned (512 Mbytes)
src/base/statistics.hh:279: warn: One of the stats is a legacy stat. Legacy stat is a stat that does not belong to any statistics::Group. Legacy stat is deprecated.
system.remote_gdb: Listening for connections on port 7008
gem5 Simulator System.  https://www.gem5.org
gem5 is copyrighted software; use the --copyright option for details.

gem5 version 25.0.0.1
gem5 compiled Dec  6 2025 16:31:32
gem5 started Dec  6 2025 16:41:47
gem5 executing on mohound-MS-7C56, pid 19178
command line: ./build/ALL/gem5.opt --outdir=m5out/stride/cg configs/bingo_test/run_bench_working.py --prefetcher stride NPB3.3.1/NPB3.3-SER/bin/cg.S.x

--- Info: Instantiating system ---
    Binary: NPB3.3.1/NPB3.3-SER/bin/cg.S.x
    Prefetcher: stride
--- Start Simulation ---
src/sim/mem_state.cc:443: info: Increasing stack size by one page.
src/sim/syscall_emul.cc:86: warn: ignoring syscall set_robust_list(...)
src/sim/syscall_emul.cc:86: warn: ignoring syscall rseq(...)
src/sim/syscall_emul.cc:86: warn: ignoring syscall mprotect(...)
src/sim/syscall_emul.cc:86: warn: ignoring syscall mprotect(...)
src/sim/syscall_emul.cc:86: warn: ignoring syscall mprotect(...)
src/sim/syscall_emul.cc:86: warn: ignoring syscall mprotect(...)
src/sim/syscall_emul.cc:86: warn: ignoring syscall mprotect(...)
src/sim/syscall_emul.cc:86: warn: ignoring syscall mprotect(...)
src/sim/syscall_emul.cc:97: warn: ignoring syscall rt_sigaction(...)
      (further warnings will be suppressed)


 NAS Parallel Benchmarks (NPB3.3-SER) - CG Benchmark

 Size:        1400
 Iterations:    15

 Initialization time =           0.231 seconds

   iteration           ||r||                 zeta
        1       0.13559314291612E-12     9.9986441579140
        2       0.20968022875811E-14     8.5733279203222
        3       0.21220139530704E-14     8.5954510374058
        4       0.19264995437250E-14     8.5969972340737
        5       0.19149867265115E-14     8.5971549151767
        6       0.20265347150196E-14     8.5971744311608
        7       0.18896504735573E-14     8.5971770704913
        8       0.19757833551762E-14     8.5971774440630
        9       0.20444345740590E-14     8.5971774983942
       10       0.18659924049472E-14     8.5971775064409
       11       0.18246767922945E-14     8.5971775076486
       12       0.19752103401870E-14     8.5971775078318
       13       0.19111824653436E-14     8.5971775078598
       14       0.18421661947701E-14     8.5971775078641
       15       0.18145999088074E-14     8.5971775078648
 Benchmark completed 
 VERIFICATION SUCCESSFUL 
 Zeta is     0.8597177507865E+01
 Error is    0.1033104665906E-14


 CG Benchmark Completed.
 Class           =                        S
 Size            =                     1400
 Iterations      =                       15
 Time in seconds =                     1.08
 Mop/s total     =                    61.44
 Operation type  =           floating point
 Verification    =               SUCCESSFUL
 Version         =                    3.3.1
 Compile date    =              30 Nov 2025

 Compile options:
    F77          = f77
    FLINK        = $(F77)
    F_LIB        = (none)
    F_INC        = (none)
    FFLAGS       = -O
    FLINKFLAGS   = -O
    RAND         = randi8


 Please send all errors/feedbacks to:

 NPB Development Team
 npb@nas.nasa.gov


Exiting @ tick 1317664634000 because exiting with last active thread context
