warn: Base 10 memory/cache size 16kB will be cast to base 2 size 16KiB.
warn: Base 10 memory/cache size 64kB will be cast to base 2 size 64KiB.
warn: Base 10 memory/cache size 256kB will be cast to base 2 size 256KiB.
warn: Base 10 memory/cache size 512MB will be cast to base 2 size 512MiB.
Global frequency set at 1000000000000 ticks per second
warn: No dot file generated. Please install pydot to generate the dot file and pdf.
src/mem/dram_interface.cc:690: warn: DRAM device capacity (8192 Mbytes) does not match the address range assigned (512 Mbytes)
src/base/statistics.hh:279: warn: One of the stats is a legacy stat. Legacy stat is a stat that does not belong to any statistics::Group. Legacy stat is deprecated.
system.remote_gdb: Listening for connections on port 7002
gem5 Simulator System.  https://www.gem5.org
gem5 is copyrighted software; use the --copyright option for details.

gem5 version 25.0.0.1
gem5 compiled Nov 30 2025 11:12:42
gem5 started Nov 30 2025 16:10:53
gem5 executing on mohound-MS-7C56, pid 89643
command line: ./build/ALL/gem5.opt --outdir=m5out/stride/sp configs/bingo_test/run_bench.py --prefetcher stride NPB3.3.1/NPB3.3-SER/bin/sp.S.x

--- Info: Instantiating system ---
    Binary: NPB3.3.1/NPB3.3-SER/bin/sp.S.x
    Prefetcher: stride
--- Start Simulation ---
src/sim/mem_state.cc:443: info: Increasing stack size by one page.
src/sim/syscall_emul.cc:86: warn: ignoring syscall set_robust_list(...)
src/sim/syscall_emul.cc:86: warn: ignoring syscall rseq(...)
src/sim/syscall_emul.cc:86: warn: ignoring syscall mprotect(...)
src/sim/syscall_emul.cc:86: warn: ignoring syscall mprotect(...)
src/sim/syscall_emul.cc:86: warn: ignoring syscall mprotect(...)
src/sim/syscall_emul.cc:86: warn: ignoring syscall mprotect(...)
src/sim/syscall_emul.cc:86: warn: ignoring syscall mprotect(...)
src/sim/syscall_emul.cc:86: warn: ignoring syscall mprotect(...)
src/sim/syscall_emul.cc:97: warn: ignoring syscall rt_sigaction(...)
      (further warnings will be suppressed)


 NAS Parallel Benchmarks (NPB3.3-SER) - SP Benchmark

 No input file inputsp.data. Using compiled defaults
 Size:   12x  12x  12
 Iterations:  100    dt:   0.015000

 Time step    1
 Time step   20
 Time step   40
 Time step   60
 Time step   80
 Time step  100
 Verification being performed for class S
 accuracy setting for epsilon =  0.1000000000000E-07
 Comparison of RMS-norms of residual
           1 0.2747031545137E-01 0.2747031545134E-01 0.1208798524209E-11
           2 0.1036074670528E-01 0.1036074670529E-01 0.6703988617218E-12
           3 0.1623574506506E-01 0.1623574506510E-01 0.1959981960528E-11
           4 0.1584055722445E-01 0.1584055722446E-01 0.9045651430397E-13
           5 0.3484904060936E-01 0.3484904060936E-01 0.2011040396063E-13
 Comparison of RMS-norms of solution error
           1 0.2728925855741E-04 0.2728925855738E-04 0.1030993433436E-11
           2 0.1036444664083E-04 0.1036444664084E-04 0.3386678184624E-12
           3 0.1615479828713E-04 0.1615479828717E-04 0.2372455917807E-11
           4 0.1575070499448E-04 0.1575070499448E-04 0.2495274260192E-13
           5 0.3417766618340E-04 0.3417766618339E-04 0.1641641126842E-12
 Verification Successful


 SP Benchmark Completed.
 Class           =                        S
 Size            =             12x  12x  12
 Iterations      =                      100
 Time in seconds =                     0.96
 Mop/s total     =                   100.97
 Operation type  =           floating point
 Verification    =               SUCCESSFUL
 Version         =                    3.3.1
 Compile date    =              30 Nov 2025

 Compile options:
    F77          = f77
    FLINK        = $(F77)
    F_LIB        = (none)
    F_INC        = (none)
    FFLAGS       = -O
    FLINKFLAGS   = -O
    RAND         = (none)


 Please send all errors/feedbacks to:

 NPB Development Team
 npb@nas.nasa.gov


Exiting @ tick 998033086000 because exiting with last active thread context
