warn: Base 10 memory/cache size 16kB will be cast to base 2 size 16KiB.
warn: Base 10 memory/cache size 64kB will be cast to base 2 size 64KiB.
warn: Base 10 memory/cache size 256kB will be cast to base 2 size 256KiB.
warn: Base 10 memory/cache size 512MB will be cast to base 2 size 512MiB.
Global frequency set at 1000000000000 ticks per second
src/mem/dram_interface.cc:690: warn: DRAM device capacity (8192 Mbytes) does not match the address range assigned (512 Mbytes)
src/base/statistics.hh:279: warn: One of the stats is a legacy stat. Legacy stat is a stat that does not belong to any statistics::Group. Legacy stat is deprecated.
system.remote_gdb: Listening for connections on port 7006
gem5 Simulator System.  https://www.gem5.org
gem5 is copyrighted software; use the --copyright option for details.

gem5 version 25.0.0.1
gem5 compiled Nov 30 2025 22:51:47
gem5 started Nov 30 2025 23:44:48
gem5 executing on Bumm-PC, pid 30421
command line: ./build/X86/gem5.opt --outdir=m5out_parsec/none/canneal configs/bingo_test/run_bench.py --prefetcher none /home/etchao/parsec-benchmark/pkgs/kernels/canneal/inst/amd64-linux.gcc-pthreads/bin/canneal

--- Info: Instantiating system ---
    Binary: /home/etchao/parsec-benchmark/pkgs/kernels/canneal/inst/amd64-linux.gcc-pthreads/bin/canneal
    Prefetcher: none
--- Start Simulation ---
src/sim/mem_state.cc:443: info: Increasing stack size by one page.
src/sim/syscall_emul.cc:86: warn: ignoring syscall mprotect(...)
src/sim/syscall_emul.cc:86: warn: ignoring syscall mprotect(...)
src/sim/syscall_emul.cc:86: warn: ignoring syscall set_robust_list(...)
src/sim/syscall_emul.cc:86: warn: ignoring syscall rseq(...)
src/sim/syscall_emul.cc:86: warn: ignoring syscall mprotect(...)
src/sim/syscall_emul.cc:86: warn: ignoring syscall mprotect(...)
src/sim/syscall_emul.cc:86: warn: ignoring syscall mprotect(...)
src/sim/syscall_emul.cc:86: warn: ignoring syscall mprotect(...)
src/sim/syscall_emul.cc:86: warn: ignoring syscall mprotect(...)
src/sim/syscall_emul.cc:86: warn: ignoring syscall mprotect(...)
PARSEC Benchmark Suite Version 3.0-beta-20150206
Usage: /home/etchao/parsec-benchmark/pkgs/kernels/canneal/inst/amd64-linux.gcc-pthreads/bin/canneal NTHREADS NSWAPS TEMP NETLIST [NSTEPS]
Exiting @ tick 8866184000 because exiting with last active thread context
