warn: Base 10 memory/cache size 16kB will be cast to base 2 size 16KiB.
warn: Base 10 memory/cache size 64kB will be cast to base 2 size 64KiB.
warn: Base 10 memory/cache size 256kB will be cast to base 2 size 256KiB.
warn: Base 10 memory/cache size 512MB will be cast to base 2 size 512MiB.
warn: Base 10 memory/cache size 256kB will be cast to base 2 size 256KiB.
Global frequency set at 1000000000000 ticks per second
warn: No dot file generated. Please install pydot to generate the dot file and pdf.
src/mem/dram_interface.cc:690: warn: DRAM device capacity (8192 Mbytes) does not match the address range assigned (512 Mbytes)
src/base/statistics.hh:279: warn: One of the stats is a legacy stat. Legacy stat is a stat that does not belong to any statistics::Group. Legacy stat is deprecated.
system.remote_gdb: Listening for connections on port 7044
gem5 Simulator System.  https://www.gem5.org
gem5 is copyrighted software; use the --copyright option for details.

gem5 version 25.0.0.1
gem5 compiled Nov 30 2025 21:55:51
gem5 started Dec  1 2025 22:07:53
gem5 executing on mohound-MS-7C56, pid 51328
command line: ./build/ALL/gem5.opt --outdir=m5out/mlop_window/100/dc configs/bingo_test/run_bench_solo.py --prefetcher mlop --l2-size 256kB --mem-size 512MB --mlop-eval-period 100 NPB3.3.1/NPB3.3-SER/bin/dc.S.x

--- Info: Instantiating system ---
    Binary: NPB3.3.1/NPB3.3-SER/bin/dc.S.x
    Prefetcher: mlop
    L2 Size: 256kB
    Mem Size: 512MB
    MLOP Lookahead: 16
    MLOP Eval Period: 100
    MLOP Score Thresh: 0
--- Start Simulation ---
src/sim/mem_state.cc:443: info: Increasing stack size by one page.
src/sim/syscall_emul.cc:86: warn: ignoring syscall set_robust_list(...)
src/sim/syscall_emul.cc:86: warn: ignoring syscall rseq(...)
src/sim/syscall_emul.cc:86: warn: ignoring syscall mprotect(...)
src/sim/syscall_emul.cc:86: warn: ignoring syscall mprotect(...)
src/sim/syscall_emul.cc:86: warn: ignoring syscall mprotect(...)


 NAS Parallel Benchmarks (NPB3.3-SER) - DC Benchmark

 No Paramter file. Using compiled defaults
********************* ADC paramters
 id		0
 attributes 	5
 measures   	1
 tuples     	1000
 class		S
 filename       ADC
***********************************

GenerateADC: writing 1000 tuples of 5 attributes and 1 measures to ADC.dat.0
Prime 	Generator 	Seed
 421	 364		 211
 601	 412		 301
 631	 334		 316
 701	 641		 351
 883	 108		 442
Binary ADC file ADC.dat.0 have been generated.
View sizes are written into ADC.view.sz.0
Estimated rb-tree size = 75000 
 DC.ComputeGivenGroupbys failed, errno = 0

*** DC Benchmark Results:
 Benchmark Time   =                0.002
 Input Tuples     =                 1000
 Number of Views  =                    0
 Number of Tasks  =                    1
 Tuples Generated =                    0
 Tuples/s         =                 0.00
 Checksum         =   0.000000000000e+00
 Verification failed


 DC Benchmark Completed
 Class           =                        S
 Size            =                     1000
 Iterations      =                        1
 Time in seconds =                     0.00
 Mop/s total     =                     0.00
 Operation type  =         Tuples generated
 Verification    =             UNSUCCESSFUL
 Version         =                    3.3.1
 Compile date    =              30 Nov 2025

 Compile options:
    CC           = cc
    CLINK        = $(CC)
    C_LIB        = (none)
    C_INC        = (none)
    CFLAGS       = -O
    CLINKFLAGS   = -O


 Please send all errors/feedbacks to:

 NPB Development Team
 npb@nas.nasa.gov


Exiting @ tick 599432779000 because exiting with last active thread context
